[EMERGENCY STOP] Signals zeroed: <MagicMock name='mock.cursor().rowcount' id='139920636344464'> rows updated
[EMERGENCY STOP] Audit log written
🚨 EMERGENCY STOP 🚨 [test stop] 0 positions closed in 3ms
[EMERGENCY STOP] Signals zeroed: <MagicMock name='mock.cursor().rowcount' id='139920636199952'> rows updated
[EMERGENCY STOP] Audit log written
🚨 EMERGENCY STOP 🚨 [drawdown exceeded] 0 positions closed in 3ms
[WATCHDOG] Drawdown 6.0% > 5% threshold
[WATCHDOG] Data lag 3700s > 3600s threshold
[WATCHDOG] Signals stale 90000s > 86400s threshold
[WATCHDOG] 5 signals with invalid HMM output
[WATCHDOG] 3 signals with invalid LSTM output
[WATCHDOG] GDELT stale 2000s (fallback to COT+macro)
[EMERGENCY STOP] Signals zeroed: <MagicMock name='mock.cursor().rowcount' id='139679081854592'> rows updated
[EMERGENCY STOP] Audit log written
🚨 EMERGENCY STOP 🚨 [test stop] 0 positions closed in 2ms
[EMERGENCY STOP] Signals zeroed: <MagicMock name='mock.cursor().rowcount' id='139679079929312'> rows updated
[EMERGENCY STOP] Audit log written
🚨 EMERGENCY STOP 🚨 [drawdown exceeded] 0 positions closed in 2ms
[WATCHDOG] Drawdown 6.0% > 5% threshold
[WATCHDOG] Data lag 3700s > 3600s threshold
[WATCHDOG] Signals stale 90000s > 86400s threshold
[WATCHDOG] 5 signals with invalid HMM output
[WATCHDOG] 3 signals with invalid LSTM output
[WATCHDOG] GDELT stale 2000s (fallback to COT+macro)
